I'm sorry, but errors were detected in your script. Please correct the
errors listed below, and try again.


File "game/script.rpy", line 32: expected 'comma or end of line' not found.
    $spincat_frame
    ^

Ren'Py Version: Ren'Py 8.3.7.25031702
Thu Mar 27 17:18:54 2025
